// Jest Snapshot v1, https://goo.gl/fbAQLP

exports[`actionPageRunner Выполнение действий заняло больше установленных значений 1`] = `
Object {
  "payload": Object {},
  "type": "action state execution in server",
}
`;

exports[`actionPageRunner Упавшие экшены должны быть исключены из стора 1`] = `
Object {
  "payload": Object {
    "action2": Object {
      "state": Object {},
      "status": "success",
    },
  },
  "type": "action state execution in server",
}
`;
